[AST] Let [2,1]..[3,4] (PVar [2,5]..[2,5] "x") (Ann [2,36]..[2,32] (Variant [2,36]..[2,40] "Ok" (Lit [2,39]..[2,40] (LInt 2))) (TVariant [2,9]..[2,32] (TRowExtend [2,17]..[2,32] "Ok" (TInt [2,24]..[2,26]) (TVar [2,30]..[2,30] "a")))) (Var [3,4]..[3,4] "x")
[Type] TVariant [2,9]..[2,32] (TRowExtend [2,17]..[2,32] "Ok" (TInt [2,24]..[2,26]) (TVar [2,30]..[2,30] "a"))
