[AST] Let [2,1]..[6,4] (PVar [2,5]..[2,5] "x") (Lit [2,9]..[2,10] (LInt 42)) (Let [5,1]..[6,4] (PVar [5,5]..[5,5] "y") (Var [5,9]..[5,9] "x") (Var [6,4]..[6,4] "y"))
[Type] TInt [2,9]..[2,10]
[Core] CLet [2,1]..[6,4] (CPVar [2,5]..[2,5] "x") (CLit [2,9]..[2,10] (LInt 42)) (CLet [5,1]..[6,4] (CPVar [5,5]..[5,5] "y") (CVar [5,9]..[5,9] "x") (CVar [6,4]..[6,4] "y"))
[Val] VLit (LInt 42)
