[AST] Let [1,1]..[4,33] "id" (Lam [1,10]..[1,16] "x" Nothing (Var [1,16]..[1,16] "x")) (Let [2,1]..[4,33] "apply" (Lam [2,13]..[2,31] "f" Nothing (Lam [2,19]..[2,31] "arg" Nothing (App [2,27]..[2,31] (Var [2,27]..[2,27] "f") (Var [2,29]..[2,31] "arg")))) (Let [3,1]..[4,33] "const" (Lam [3,13]..[3,31] "x" (Just (TInt [3,18]..[3,20])) (Lam [3,25]..[3,31] "y" Nothing (Var [3,31]..[3,31] "x"))) (App [4,1]..[4,33] (App [4,1]..[4,24] (App [4,1]..[4,14] (App [4,1]..[4,8] (Var [4,1]..[4,5] "apply") (Var [4,7]..[4,8] "id")) (Var [4,10]..[4,14] "const")) (Ann [4,17]..[4,24] (Lit [4,17]..[4,18] 42) (TInt [4,22]..[4,24]))) (App [4,28]..[4,33] (Var [4,28]..[4,29] "id") (Lit [4,31]..[4,33] 100)))))
[Type] TInt [3,18]..[3,20]
