[AST] Let [1,1]..[3,8] "state" (RecExtend [1,13]..[1,49] "player" (RecExtend [1,24]..[1,47] "stats" (RecExtend [1,34]..[1,45] "hp" (Lit [1,41]..[1,43] 100) (RecEmpty [1,45]..[1,45])) (RecEmpty [1,47]..[1,47])) (RecEmpty [1,49]..[1,49])) (Let [2,1]..[3,8] "newState" (RecUpdate [2,16]..[2,46] (Var [2,16]..[2,20] "state") [PathField "player",PathField "stats",PathField "hp"] OpSet (Lit [2,43]..[2,44] 99)) (Var [3,1]..[3,8] "newState"))
[Type] TRecord [1,13]..[1,49] (TRowExtend [1,13]..[1,49] "player" (TRecord [1,24]..[1,47] (TRowExtend [1,24]..[1,47] "stats" (TRecord [1,34]..[1,45] (TRowExtend [1,34]..[1,45] "hp" (TInt [1,41]..[1,43]) (TRowEmpty [1,45]..[1,45]))) (TRowEmpty [1,47]..[1,47]))) (TRowEmpty [1,49]..[1,49]))
