[AST] Let [4,1]..[7,4] (PVar [4,5]..[4,5] "x") (Let [5,7]..[5,20] (PVar [5,11]..[5,11] "y") (Lit [5,15]..[5,15] (LInt 1)) (Var [5,20]..[5,20] "y")) (Let [6,5]..[7,4] (PVar [6,5]..[6,5] "z") (Lit [6,9]..[6,9] (LInt 2)) (Var [7,4]..[7,4] "z"))
[Type] TInt [6,9]..[6,9]
[Core] CLet [4,1]..[7,4] (CPVar [4,5]..[4,5] "x") (CLet [5,7]..[5,20] (CPVar [5,11]..[5,11] "y") (CLit [5,15]..[5,15] (LInt 1)) (CVar [5,20]..[5,20] "y")) (CLet [6,5]..[7,4] (CPVar [6,5]..[6,5] "z") (CLit [6,9]..[6,9] (LInt 2)) (CVar [7,4]..[7,4] "z"))
[Val] VLit (LInt 2)
