[AST] Let [2,1]..[6,4] (PVar [2,5]..[2,5] "i") (Ann [2,9]..[2,16] (Lit [2,15]..[2,16] (LInt 42)) (TInt [2,9]..[2,11])) (Let [3,1]..[6,4] (PVar [3,5]..[3,5] "f") (Ann [3,9]..[3,23] (Lit [3,17]..[3,23] (LFloat 3.14159)) (TFloat [3,9]..[3,13])) (Let [4,1]..[6,4] (PVar [4,5]..[4,5] "s") (Ann [4,9]..[4,25] (Lit [4,18]..[4,25] (LString "Lithic")) (TString [4,9]..[4,14])) (Let [5,1]..[6,4] (PVar [5,5]..[5,5] "b") (Ann [5,9]..[5,19] (Lit [5,16]..[5,19] (LBool True)) (TBool [5,9]..[5,12])) (Var [6,4]..[6,4] "f"))))
[Type] TFloat [3,9]..[3,13]
[Core] CLet [2,1]..[6,4] (CPVar [2,5]..[2,5] "i") (CLit [2,15]..[2,16] (LInt 42)) (CLet [3,1]..[6,4] (CPVar [3,5]..[3,5] "f") (CLit [3,17]..[3,23] (LFloat 3.14159)) (CLet [4,1]..[6,4] (CPVar [4,5]..[4,5] "s") (CLit [4,18]..[4,25] (LString "Lithic")) (CLet [5,1]..[6,4] (CPVar [5,5]..[5,5] "b") (CLit [5,16]..[5,19] (LBool True)) (CVar [6,4]..[6,4] "f"))))
[Val] VLit (LFloat 3.14159)
