[AST] Let [6,1]..[12,18] (PVar [6,5]..[6,5] "f") (Ann [6,9]..[11,40] (Lam [6,59]..[11,40] (PVar [6,60]..[6,62] "res") Nothing (Case [7,3]..[11,40] (Var [7,8]..[7,10] "res") [(PVariant [8,7]..[8,18] "Ok" (PLit [8,10]..[8,18] (LString "success")),Lit [8,23]..[8,39] (LString "matched success")),(PVariant [9,7]..[9,10] "Ok" (PWildcard [9,10]..[9,10]),Lit [9,23]..[9,43] (LString "matched ok wildcard")),(PVariant [10,7]..[10,11] "Err" (PWildcard [10,11]..[10,11]),Lit [10,23]..[10,44] (LString "matched err wildcard")),(PWildcard [11,7]..[11,7],Lit [11,23]..[11,40] (LString "matched fallback"))])) (TArrow [6,9]..[6,55] (TVariant [6,9]..[6,45] (TRowExtend [6,17]..[6,45] "Ok" (TString [6,24]..[6,29]) (TRowExtend [6,17]..[6,45] "Err" (TRowEmpty [6,38]..[6,39]) (TVar [6,43]..[6,43] "a")))) (TString [6,50]..[6,55]))) (App [12,4]..[12,18] (Var [12,4]..[12,4] "f") (Variant [12,7]..[12,18] "Ok" (Lit [12,10]..[12,18] (LString "success"))))
[Type] TString [6,50]..[6,55]
