[AST] Let [6,1]..[12,18] (PVar [6,5]..[6,5] "f") (Ann [6,9]..[11,38] (Lam [6,59]..[11,38] (PVar [6,60]..[6,62] "res") Nothing (Case [7,3]..[11,38] (Var [7,8]..[7,10] "res") [(PVariant [8,5]..[8,16] "Ok" (PLit [8,8]..[8,16] (LString "success")),Lit [8,21]..[8,37] (LString "matched success")),(PVariant [9,5]..[9,8] "Ok" (PWildcard [9,8]..[9,8]),Lit [9,21]..[9,41] (LString "matched ok wildcard")),(PVariant [10,5]..[10,9] "Err" (PWildcard [10,9]..[10,9]),Lit [10,21]..[10,42] (LString "matched err wildcard")),(PWildcard [11,5]..[11,5],Lit [11,21]..[11,38] (LString "matched fallback"))])) (TArrow [6,9]..[6,55] (TVariant [6,9]..[6,45] (TRowExtend [6,17]..[6,45] "Ok" (TString [6,24]..[6,29]) (TRowExtend [6,17]..[6,45] "Err" (TRowEmpty [6,38]..[6,39]) (TVar [6,43]..[6,43] "a")))) (TString [6,50]..[6,55]))) (App [12,4]..[12,18] (Var [12,4]..[12,4] "f") (Variant [12,7]..[12,18] "Ok" (Lit [12,10]..[12,18] (LString "success"))))
[Type] TString [6,50]..[6,55]
[Core] CLet [6,1]..[12,18] (CPVar [6,5]..[6,5] "f") (CLam [6,59]..[11,38] (CPVar [6,60]..[6,62] "res") (CCase [7,3]..[11,38] (CVar [7,8]..[7,10] "res") [(CPVariant [8,5]..[8,16] "Ok" (CPLit [8,8]..[8,16] (LString "success")),CLit [8,21]..[8,37] (LString "matched success")),(CPVariant [9,5]..[9,8] "Ok" (CPWildcard [9,8]..[9,8]),CLit [9,21]..[9,41] (LString "matched ok wildcard")),(CPVariant [10,5]..[10,9] "Err" (CPWildcard [10,9]..[10,9]),CLit [10,21]..[10,42] (LString "matched err wildcard")),(CPWildcard [11,5]..[11,5],CLit [11,21]..[11,38] (LString "matched fallback"))])) (CApp [12,4]..[12,18] (CVar [12,4]..[12,4] "f") (CVariant [12,7]..[12,18] "Ok" (CLit [12,10]..[12,18] (LString "success"))))
[Val] VLit (LString "matched success")
