[AST] Let [1,1]..[1,70] "id" (Lam [1,10]..[1,16] "x" Nothing (Var [1,16]..[1,16] "x")) (App [1,22]..[1,70] (Lam [1,22]..[1,59] "f" (Just (TArrow [1,28]..[1,51] (TForall [1,28]..[1,43] ["a"] (TArrow [1,38]..[1,43] (TVar [1,38]..[1,38] "a") (TVar [1,43]..[1,43] "a"))) (TInt [1,49]..[1,51]))) (App [1,56]..[1,59] (Var [1,56]..[1,56] "f") (Var [1,58]..[1,59] "id"))) (Lam [1,63]..[1,70] "g" Nothing (Lit [1,69]..[1,70] 42)))
[Type] TInt [1,49]..[1,51]
