[AST] Let [1,1]..[6,1] (PVar [1,5]..[1,5] "f") (Lam [1,9]..[1,17] (PVar [1,10]..[1,10] "r") Nothing (RecSelect [1,15]..[1,17] (Var [1,15]..[1,15] "r") "x")) (Let [2,1]..[6,1] (PVar [2,5]..[2,6] "r1") (RecExtend [2,10]..[2,25] "x" (Lit [2,16]..[2,16] (LInt 1)) (RecExtend [2,10]..[2,25] "y" (Lit [2,23]..[2,23] (LInt 2)) (RecEmpty [2,25]..[2,25]))) (Let [3,1]..[6,1] (PVar [3,5]..[3,6] "r2") (RecExtend [3,10]..[3,27] "y" (Lit [3,16]..[3,17] (LInt 99)) (RecExtend [3,10]..[3,27] "x" (Lit [3,24]..[3,25] (LInt 42)) (RecEmpty [3,27]..[3,27]))) (Let [4,1]..[6,1] (PVar [4,5]..[4,5] "a") (App [4,9]..[4,12] (Var [4,9]..[4,9] "f") (Var [4,11]..[4,12] "r1")) (Let [5,1]..[6,1] (PVar [5,5]..[5,5] "b") (App [5,9]..[5,12] (Var [5,9]..[5,9] "f") (Var [5,11]..[5,12] "r2")) (Var [6,1]..[6,1] "b")))))
[Type] TInt [3,24]..[3,25]
[Core] CLet [1,1]..[6,1] (CPVar [1,5]..[1,5] "f") (CLam [1,9]..[1,17] (CPVar [1,10]..[1,10] "r") (CSelect [1,15]..[1,17] (CVar [1,15]..[1,15] "r") "x")) (CLet [2,1]..[6,1] (CPVar [2,5]..[2,6] "r1") (CRecord [2,10]..[2,25] [("x",CLit [2,16]..[2,16] (LInt 1)),("y",CLit [2,23]..[2,23] (LInt 2))]) (CLet [3,1]..[6,1] (CPVar [3,5]..[3,6] "r2") (CRecord [3,10]..[3,27] [("y",CLit [3,16]..[3,17] (LInt 99)),("x",CLit [3,24]..[3,25] (LInt 42))]) (CLet [4,1]..[6,1] (CPVar [4,5]..[4,5] "a") (CApp [4,9]..[4,12] (CVar [4,9]..[4,9] "f") (CVar [4,11]..[4,12] "r1")) (CLet [5,1]..[6,1] (CPVar [5,5]..[5,5] "b") (CApp [5,9]..[5,12] (CVar [5,9]..[5,9] "f") (CVar [5,11]..[5,12] "r2")) (CVar [6,1]..[6,1] "b")))))
[Val] VLit (LInt 42)
