[AST] Let [1,1]..[6,1] "f" (Lam [1,9]..[1,17] "r" Nothing (RecSelect [1,15]..[1,17] (Var [1,15]..[1,15] "r") "x")) (Let [2,1]..[6,1] "r1" (RecExtend [2,10]..[2,25] "x" (Lit [2,16]..[2,16] 1) (RecExtend [2,10]..[2,25] "y" (Lit [2,23]..[2,23] 2) (RecEmpty [2,25]..[2,25]))) (Let [3,1]..[6,1] "r2" (RecExtend [3,10]..[3,27] "y" (Lit [3,16]..[3,17] 99) (RecExtend [3,10]..[3,27] "x" (Lit [3,24]..[3,25] 42) (RecEmpty [3,27]..[3,27]))) (Let [4,1]..[6,1] "a" (App [4,9]..[4,12] (Var [4,9]..[4,9] "f") (Var [4,11]..[4,12] "r1")) (Let [5,1]..[6,1] "b" (App [5,9]..[5,12] (Var [5,9]..[5,9] "f") (Var [5,11]..[5,12] "r2")) (Var [6,1]..[6,1] "b")))))
[Type] TInt [3,24]..[3,25]
