[AST] Let [3,1]..[5,12] (PVar [3,5]..[3,7] "_id") (Lam [3,11]..[3,19] (PVar [3,12]..[3,13] "_x") Nothing (Var [3,18]..[3,19] "_x")) (Case [4,1]..[5,12] (Lit [4,6]..[4,9] (LBool True)) [(PWildcard [5,3]..[5,3],App [5,8]..[5,12] (Var [5,8]..[5,10] "_id") (Lit [5,12]..[5,12] (LInt 1)))])
[Type] TInt [5,12]..[5,12]
[Core] CLet [3,1]..[5,12] (CPVar [3,5]..[3,7] "_id") (CLam [3,11]..[3,19] (CPVar [3,12]..[3,13] "_x") (CVar [3,18]..[3,19] "_x")) (CCase [4,1]..[5,12] (CLit [4,6]..[4,9] (LBool True)) [(CPWildcard [5,3]..[5,3],CApp [5,8]..[5,12] (CVar [5,8]..[5,10] "_id") (CLit [5,12]..[5,12] (LInt 1)))])
[Val] VLit (LInt 1)
