[AST] Let [3,1]..[5,14] (PVar [3,5]..[3,7] "_id") (Lam [3,11]..[3,19] (PVar [3,12]..[3,13] "_x") Nothing (Var [3,18]..[3,19] "_x")) (Case [4,1]..[5,14] (Lit [4,6]..[4,9] (LBool True)) [(PWildcard [5,5]..[5,5],App [5,10]..[5,14] (Var [5,10]..[5,12] "_id") (Lit [5,14]..[5,14] (LInt 1)))])
[Type] TInt [5,14]..[5,14]
[Core] CLet [3,1]..[5,14] (CPVar [3,5]..[3,7] "_id") (CLam [3,11]..[3,19] (CPVar [3,12]..[3,13] "_x") (CVar [3,18]..[3,19] "_x")) (CCase [4,1]..[5,14] (CLit [4,6]..[4,9] (LBool True)) [(CPWildcard [5,5]..[5,5],CApp [5,10]..[5,14] (CVar [5,10]..[5,12] "_id") (CLit [5,14]..[5,14] (LInt 1)))])
[Val] VLit (LInt 1)
